<?xml version="1.0" ?>
<results>
    <host>
        <address>10.1.1.20</address>
        <hostname>N/A</hostname>
        <ports>
            <port portid="22" protocol="tcp">
                <state>open</state>
                <service>
                    <name>ssh</name>
                    <product>OpenSSH</product>
                    <version>8.9p1 Ubuntu 3ubuntu0.7</version>
                    <extrainfo>Ubuntu Linux; protocol 2.0</extrainfo>
                </service>
            </port>
            <port portid="80" protocol="tcp">
                <state>open</state>
                <service>
                    <name>http</name>
                    <product>Apache httpd</product>
                    <version>2.4.52</version>
                    <extrainfo>(Ubuntu)</extrainfo>
                </service>
            </port>
        </ports>
    </host>
    <host>
        <address>10.1.1.10</address>
        <hostname>N/A</hostname>
        <ports>
            <port portid="22" protocol="tcp">
                <state>open</state>
                <service>
                    <name>ssh</name>
                    <product>OpenSSH</product>
                    <version>9.2p1 Debian 2+deb12u2</version>
                    <extrainfo>protocol 2.0</extrainfo>
                </service>
            </port>
            <port portid="111" protocol="tcp">
                <state>open</state>
                <service>
                    <name>rpcbind</name>
                    <product>N/A</product>
                    <version>2-4</version>
                    <extrainfo>RPC #100000</extrainfo>
                </service>
            </port>
            <port portid="3128" protocol="tcp">
                <state>open</state>
                <service>
                    <name>http</name>
                    <product>Proxmox Virtual Environment REST API</product>
                    <version>3.0</version>
                    <extrainfo>N/A</extrainfo>
                </service>
            </port>
        </ports>
    </host>
</results>
